#NEXUS
BEGIN TREES;
	TRANSLATE
		1 'Pteronisculus spp',
		2 'Amia calva',
		3 'Asthenocormus titanus',
		4 'Australopachycormus hurleyi',
		5 'Bonnerichthys gladius',
		6 'Caturus spp',
		7 'Discoserra pectinodon',
		8 'Elops hawaiensis',
		9 'Euthynotus spp',
		10 'Hiodon alosoides',
		11 'Hypsocormus insignis',
		12 'Hypsocormus tenuirostris',
		13 'Leedsichthys problematicus',
		14 'Lepidotes spp',
		15 'Lepisosteus platostomus',
		16 'Macrepistius arenatus',
		17 'Macrosemius rostratus',
		18 'Martillichthys renwickae',
		19 'Orthocormus spp',
		20 'Pachycormus spp',
		21 'Pholidophorus bechei',
		22 'Protosphyraena spp',
		23 'Rhinconichthys taylori',
		24 'Semionotus elegans',
		25 'Watsonulus eugnathoides',
		26 'Oolite pachycormid',
		27 'Saurostomus esocinus',
		28 'Ohmdenia multidentata'
		;

		TREE Morphy_1 = pV0@pV0@X†Ÿ	X†Ÿ	[&U] (1,(7,((((16,(2,6)),25),(((24,14),17),15)),((21,(8,10)),(9,((20,(27,(28,(((23,(18,(13,3))),5),26)))),(11,(((4,22),19),12))))))));
		TREE Morphy_2 = ËW0@ËW0@‡÷	‡÷	[&U] (1,(7,((((16,(2,6)),25),(((24,14),17),15)),((21,(8,10)),(9,((20,(27,(28,(5,(26,((18,(13,3)),23)))))),(11,(((4,22),19),12))))))));
		TREE Morphy_3 = »W0@»W0@÷	÷	[&U] (1,(7,((((16,(2,6)),25),(((24,14),17),15)),((21,(8,10)),(9,((20,(27,(28,(((18,(13,3)),23),(5,26))))),(11,(((4,22),19),12))))))));
		TREE Morphy_4 = XX0@XX0@pó⁄	pó⁄	[&U] (1,(7,((((16,(2,6)),25),(((24,14),17),15)),((21,(8,10)),(9,((20,(27,(28,(((26,23),(18,(13,3))),5)))),(11,(((4,22),19),12))))))));
		TREE Morphy_5 = XX0@XX0@’€	’€	[&U] (1,(7,((((16,(2,6)),25),(((24,14),17),15)),((21,(8,10)),(9,((20,(27,(28,((23,(26,(18,(13,3)))),5)))),(11,(((4,22),19),12))))))));
		TREE Morphy_6 = XX0@XX0@u‹	u‹	[&U] (1,(7,((((16,(2,6)),25),(((24,14),17),15)),((21,(8,10)),(9,((20,(27,(28,((23,((26,18),(13,3))),5)))),(11,(((4,22),19),12))))))));
		TREE Morphy_7 = XX0@XX0@∆‹	∆‹	[&U] (1,(7,((((16,(2,6)),25),(((24,14),17),15)),((21,(8,10)),(9,((20,(27,(28,((23,(18,(26,(13,3)))),5)))),(11,(((4,22),19),12))))))));
		TREE Morphy_8 = XX0@XX0@p»‹	p»‹	[&U] (1,(7,((((16,(2,6)),25),(((24,14),17),15)),((21,(8,10)),(9,((20,(27,(28,((23,(18,((26,13),3))),5)))),(11,(((4,22),19),12))))))));
		TREE Morphy_9 = XX0@XX0@x ‹	x ‹	[&U] (1,(7,((((16,(2,6)),25),(((24,14),17),15)),((21,(8,10)),(9,((20,(27,(28,((23,(18,(13,(26,3)))),5)))),(11,(((4,22),19),12))))))));
		TREE Morphy_10 = XX0@XX0@pj›	pj›	[&U] (1,(7,((((16,(2,6)),25),(((24,14),17),15)),((21,(8,10)),(9,((20,(27,(28,((((13,(3,18)),23),5),26)))),(11,(((4,22),19),12))))))));
		TREE Morphy_11 = XX0@XX0@–l›	–l›	[&U] (1,(7,((((16,(2,6)),25),(((24,14),17),15)),((21,(8,10)),(9,((20,(27,(28,((((3,(18,13)),23),5),26)))),(11,(((4,22),19),12))))))));
		TREE Morphy_12 = XX0@XX0@@ñ›	@ñ›	
[&U] (1,(7,(((16,((15,((24,14),17)),(2,6))),25),((21,(8,10)),(9,((20,(27,(28,(((23,(18,(13,3))),5),26)))),(11,(((4,22),19),12))))))));
		TREE Morphy_13 = W0@W0@»Ñ◊	»Ñ◊	[&U] (1,(7,((((16,(2,6)),25),(((24,14),17),15)),((21,(8,10)),(9,((20,(27,(28,(((13,(23,(18,3))),5),26)))),(11,(((4,22),19),12))))))));
		TREE Morphy_14 = XX0@XX0@ÄÈ›	ÄÈ›	[&U] (1,(7,((((16,(2,6)),25),(((24,14),17),15)),((21,(8,10)),(9,((20,(27,(28,((((23,13),(18,3)),5),26)))),(11,(((4,22),19),12))))))));
		TREE Morphy_15 = PX0@PX0@ﬁ	ﬁ	[&U] (1,(7,((((16,(2,6)),25),(((24,14),17),15)),((21,(8,10)),(9,((20,(27,(28,(5,(26,(23,(13,(3,18)))))))),(11,(((4,22),19),12))))))));
		TREE Morphy_16 = PX0@PX0@ﬁ	ﬁ	[&U] (1,(7,((((16,(2,6)),25),(((24,14),17),15)),((21,(8,10)),(9,((20,(27,(28,(5,(26,(23,(3,(18,13)))))))),(11,(((4,22),19),12))))))));
		TREE Morphy_17 = PX0@PX0@»dﬁ	»dﬁ	[&U] (1,(7,((((16,(2,6)),25),(((24,14),17),15)),((21,(8,10)),(9,((20,(27,(28,(5,((26,23),(13,(3,18))))))),(11,(((4,22),19),12))))))));
		TREE Morphy_18 = PX0@PX0@(gﬁ	(gﬁ	[&U] (1,(7,((((16,(2,6)),25),(((24,14),17),15)),((21,(8,10)),(9,((20,(27,(28,(5,((26,23),(3,(18,13))))))),(11,(((4,22),19),12))))))));
		TREE Morphy_19 = PX0@PX0@X∏ﬁ	X∏ﬁ	[&U] (1,(7,((((16,(2,6)),25),(((24,14),17),15)),((21,(8,10)),(9,((20,(27,(28,(5,(((13,(3,18)),26),23))))),(11,(((4,22),19),12))))))));
		TREE Morphy_20 = PX0@PX0@∏∫ﬁ	∏∫ﬁ	[&U] (1,(7,((((16,(2,6)),25),(((24,14),17),15)),((21,(8,10)),(9,((20,(27,(28,(5,(((3,(18,13)),26),23))))),(11,(((4,22),19),12))))))));
		TREE Morphy_21 = PX0@PX0@ 3ﬂ	 3ﬂ	
[&U] (1,(7,(((16,((15,((24,14),17)),(2,6))),25),((21,(8,10)),(9,((20,(27,(28,(5,(26,((18,(13,3)),23)))))),(11,(((4,22),19),12))))))));
		TREE Morphy_22 = PX0@PX0@Ä5ﬂ	Ä5ﬂ	[&U] (1,(7,((((16,(2,6)),25),(((24,14),17),15)),((21,(8,10)),(9,((20,(27,(28,(5,(26,((18,3),(23,13))))))),(11,(((4,22),19),12))))))));
		TREE Morphy_23 = ÿW0@ÿW0@Æ◊	Æ◊	[&U] (1,(7,((((16,(2,6)),25),(((24,14),17),15)),((21,(8,10)),(9,((20,(27,(28,(5,(26,(13,((18,3),23))))))),(11,(((4,22),19),12))))))));
		TREE Morphy_24 = –W0@–W0@Ø◊	Ø◊	[&U] (1,(7,((((16,(2,6)),25),(((24,14),17),15)),((21,(8,10)),(9,((20,(27,(28,(5,(13,(26,((18,3),23))))))),(11,(((4,22),19),12))))))));
		TREE Morphy_25 = –W0@–W0@∞◊	∞◊	[&U] (1,(7,((((16,(2,6)),25),(((24,14),17),15)),((21,(8,10)),(9,((20,(27,(28,(5,((26,13),((18,3),23)))))),(11,(((4,22),19),12))))))));
		TREE Morphy_26 = ∏W0@∏W0@`õÊ	`õÊ	[&U] (1,(7,((((16,(2,6)),25),(((24,14),17),15)),((21,(8,10)),(9,((20,(27,(28,((23,(13,(3,18))),(5,26))))),(11,(((4,22),19),12))))))));
		TREE Morphy_27 = ∞W0@∞W0@hùÊ	hùÊ	[&U] (1,(7,((((16,(2,6)),25),(((24,14),17),15)),((21,(8,10)),(9,((20,(27,(28,((23,(3,(18,13))),(5,26))))),(11,(((4,22),19),12))))))));
		TREE Morphy_28 = †W0@†W0@xyÊ	xyÊ	
[&U] (1,(7,(((16,((15,((24,14),17)),(2,6))),25),((21,(8,10)),(9,((20,(27,(28,(((18,(13,3)),23),(5,26))))),(11,(((4,22),19),12))))))));
		TREE Morphy_29 = †W0@†W0@xzÊ	xzÊ	[&U] (1,(7,((((16,(2,6)),25),(((24,14),17),15)),((21,(8,10)),(9,((20,(27,(28,(((18,3),(23,13)),(5,26))))),(11,(((4,22),19),12))))))));
		TREE Morphy_30 = òW0@òW0@x{Ê	x{Ê	[&U] (1,(7,((((16,(2,6)),25),(((24,14),17),15)),((21,(8,10)),(9,((20,(27,(28,((13,((18,3),23)),(5,26))))),(11,(((4,22),19),12))))))));
		TREE Morphy_31 = êW0@êW0@X∆◊	X∆◊	
[&U] (1,(7,(((16,((15,((24,14),17)),(2,6))),25),((21,(8,10)),(9,((20,(27,(28,(((26,23),(18,(13,3))),5)))),(11,(((4,22),19),12))))))));
		TREE Morphy_32 = ËV0@ËV0@àÁ÷	àÁ÷	[&U] (1,(7,((((16,(2,6)),25),(((24,14),17),15)),((21,(8,10)),(9,((20,(27,(28,((13,((26,23),(18,3))),5)))),(11,(((4,22),19),12))))))));
		TREE Morphy_33 = †U0@†U0@#[&U] (1,(7,((((16,(2,6)),25),(((24,14),17),15)),((21,(8,10)),(9,((20,(27,(28,((((26,23),13),(18,3)),5)))),(11,(((4,22),19),12))))))));
		TREE Morphy_34 = ∏V0@∏V0@∞ÿ	∞ÿ	[&U] (1,(7,((((16,(2,6)),25),(((24,14),17),15)),((21,(8,10)),(9,((20,(27,(28,((((26,13),23),(18,3)),5)))),(11,(((4,22),19),12))))))));
		TREE Morphy_35 = àV0@àV0@»Å◊	»Å◊	[&U] (1,(7,((((16,(2,6)),25),(((24,14),17),15)),((21,(8,10)),(9,((20,(27,(28,(((26,(23,13)),(18,3)),5)))),(11,(((4,22),19),12))))))));
		TREE Morphy_36 = @W0@@W0@ÿ?⁄	ÿ?⁄	[&U] (1,(7,((((16,(2,6)),25),(((24,14),17),15)),((21,(8,10)),(9,((20,(27,(28,(((13,(3,(26,18))),23),5)))),(11,(((4,22),19),12))))))));
		TREE Morphy_37 = [&U] (1,(7,((((16,(2,6)),25),(((24,14),17),15)),((21,(8,10)),(9,((20,(27,(28,(((3,((26,18),13)),23),5)))),(11,(((4,22),19),12))))))));
		TREE Morphy_38 = PX0@PX0@0˜ﬂ	0˜ﬂ	
[&U] (1,(7,(((16,((15,((24,14),17)),(2,6))),25),((21,(8,10)),(9,((20,(27,(28,((23,(26,(18,(13,3)))),5)))),(11,(((4,22),19),12))))))));
		TREE Morphy_39 = ÿW0@ÿW0@H¬⁄	H¬⁄	[&U] (1,(7,((((16,(2,6)),25),(((24,14),17),15)),((21,(8,10)),(9,((20,(27,(28,((23,(13,(26,(18,3)))),5)))),(11,(((4,22),19),12))))))));
		TREE Morphy_40 = –W0@–W0@H√⁄	H√⁄	[&U] (1,(7,((((16,(2,6)),25),(((24,14),17),15)),((21,(8,10)),(9,((20,(27,(28,((13,(23,(26,(18,3)))),5)))),(11,(((4,22),19),12))))))));
		TREE Morphy_41 = –W0@–W0@Hƒ⁄	Hƒ⁄	[&U] (1,(7,((((16,(2,6)),25),(((24,14),17),15)),((21,(8,10)),(9,((20,(27,(28,(((23,13),(26,(18,3))),5)))),(11,(((4,22),19),12))))))));
		TREE Morphy_42 = »W0@»W0@H≈⁄	H≈⁄	[&U] (1,(7,((((16,(2,6)),25),(((24,14),17),15)),((21,(8,10)),(9,((20,(27,(28,((23,((26,13),(18,3))),5)))),(11,(((4,22),19),12))))))));
		TREE Morphy_43 = »W0@»W0@H∆⁄	H∆⁄	[&U] (1,(7,((((16,(2,6)),25),(((24,14),17),15)),((21,(8,10)),(9,((20,(27,(28,((23,((26,(18,13)),3)),5)))),(11,(((4,22),19),12))))))));
		TREE Morphy_44 = ¿W0@¿W0@H«⁄	H«⁄	[&U] (1,(7,((((16,(2,6)),25),(((24,14),17),15)),((21,(8,10)),(9,((20,(27,(28,((23,((3,26),(18,13))),5)))),(11,(((4,22),19),12))))))));
		TREE Morphy_45 = ®W0@®W0@®í€	®í€	
[&U] (1,(7,(((16,((15,((24,14),17)),(2,6))),25),((21,(8,10)),(9,((20,(27,(28,((23,((26,18),(13,3))),5)))),(11,(((4,22),19),12))))))));
		TREE Morphy_46 = »U0@»U0@#[&U] (1,(7,((((16,(2,6)),25),(((24,14),17),15)),((21,(8,10)),(9,((20,(27,(28,((13,(23,((26,18),3))),5)))),(11,(((4,22),19),12))))))));
		TREE Morphy_47 = ®W0@®W0@®ì€	®ì€	[&U] (1,(7,((((16,(2,6)),25),(((24,14),17),15)),((21,(8,10)),(9,((20,(27,(28,(((23,13),((26,18),3)),5)))),(11,(((4,22),19),12))))))));
		TREE Morphy_48 = †W0@†W0@®î€	®î€	[&U] (1,(7,((((16,(2,6)),25),(((24,14),17),15)),((21,(8,10)),(9,((20,(27,(28,((23,(((26,13),18),3)),5)))),(11,(((4,22),19),12))))))));
		TREE Morphy_49 = †W0@†W0@®ï€	®ï€	[&U] (1,(7,((((16,(2,6)),25),(((24,14),17),15)),((21,(8,10)),(9,((20,(27,(28,((23,(((3,26),18),13)),5)))),(11,(((4,22),19),12))))))));
		TREE Morphy_50 = àW0@àW0@†¡€	†¡€	
[&U] (1,(7,(((16,((15,((24,14),17)),(2,6))),25),((21,(8,10)),(9,((20,(27,(28,((23,(18,(26,(13,3)))),5)))),(11,(((4,22),19),12))))))));
		TREE Morphy_51 = »U0@v‹	#[&U] (1,(7,((((16,(2,6)),25),(((24,14),17),15)),((21,(8,10)),(9,((20,(27,(28,((13,(23,(18,(26,3)))),5)))),(11,(((4,22),19),12))))))));
		TREE Morphy_52 = »U0@»U0@#[&U] (1,(7,((((16,(2,6)),25),(((24,14),17),15)),((21,(8,10)),(9,((20,(27,(28,(((23,13),(18,(26,3))),5)))),(11,(((4,22),19),12))))))));
		TREE Morphy_53 = ÄW0@ÄW0@ ƒ€	 ƒ€	
[&U] (1,(7,(((16,((15,((24,14),17)),(2,6))),25),((21,(8,10)),(9,((20,(27,(28,((23,(18,((26,13),3))),5)))),(11,(((4,22),19),12))))))));
		TREE Morphy_54 = »U0@†_÷	#[&U] (1,(7,(((16,((15,((24,14),17)),(2,6))),25),((21,(8,10)),(9,((20,(27,(28,((23,(18,(13,(26,3)))),5)))),(11,(((4,22),19),12))))))));
		TREE Morphy_55 = ÄW0@ÄW0@8%÷	8%÷	[&U] (1,(7,((((16,(2,6)),25),(((24,14),17),15)),((21,(8,10)),(9,((20,(27,(28,(((13,23),((3,18),5)),26)))),(11,(((4,22),19),12))))))));
		TREE Morphy_56 = xW0@xW0@πÿ	πÿ	[&U] (1,(7,((((16,(2,6)),25),(((24,14),17),15)),((21,(8,10)),(9,((20,(27,(28,((((13,23),5),(3,18)),26)))),(11,(((4,22),19),12))))))));
		TREE Morphy_57 = `W0@`W0@(øŸ	(øŸ	[&U] (1,(7,((((16,(2,6)),25),(((24,14),17),15)),((21,(8,10)),(9,((20,(27,(28,(((13,23),5),((3,18),26))))),(11,(((4,22),19),12))))))));
		TREE Morphy_58 = V0@V0@`ÎŸ	`ÎŸ	[&U] (1,(7,((((16,(2,6)),25),(((24,14),17),15)),((21,(8,10)),(9,((20,(27,(28,((((13,23),5),26),(3,18))))),(11,(((4,22),19),12))))))));
		TREE Morphy_59 = ∏V0@∏V0@8Zÿ	8Zÿ	
[&U] (1,(7,(((16,((15,((24,14),17)),(2,6))),25),((21,(8,10)),(9,((20,(27,(28,((((13,(3,18)),23),5),26)))),(11,(((4,22),19),12))))))));
		TREE Morphy_60 = àV0@àV0@ê6ÿ	ê6ÿ	
[&U] (1,(7,(((16,((15,((24,14),17)),(2,6))),25),((21,(8,10)),(9,((20,(27,(28,((((3,(18,13)),23),5),26)))),(11,(((4,22),19),12))))))));
		TREE Morphy_61 = »U0@pk›	#[&U] (1,(7,(((16,((15,((24,14),17)),(2,6))),25),((21,(8,10)),(9,((20,(27,(28,(((13,(23,(18,3))),5),26)))),(11,(((4,22),19),12))))))));
		TREE Morphy_62 = »W0@»W0@¿*‹	¿*‹	
[&U] (1,(7,(((16,((15,((24,14),17)),(2,6))),25),((21,(8,10)),(9,((20,(27,(28,((((23,13),(18,3)),5),26)))),(11,(((4,22),19),12))))))));
		TREE Morphy_63 = ¿W0@¿W0@¿+‹	¿+‹	[&U] (1,(7,((((16,(2,6)),25),(((24,14),17),15)),((21,(8,10)),(9,((20,(27,(((23,13),((18,3),(5,26))),28))),(11,(((4,22),19),12))))))));
		TREE Morphy_64 = hW0@hW0@[&U] (1,(7,((((16,(2,6)),25),(((24,14),17),15)),((21,(8,10)),(9,((20,(27,(((18,3),((5,26),(23,13))),28))),(11,(((4,22),19),12))))))));
		TREE Morphy_65 = –U0@–U0@#[&U] (1,(7,((((16,(2,6)),25),(((24,14),17),15)),((21,(8,10)),(9,((20,(27,(28,(((18,3),5),((23,13),26))))),(11,(((4,22),19),12))))))));
		TREE Morphy_66 = àV0@àV0@»ô’	»ô’	[&U] (1,(7,((((16,(2,6)),25),(((24,14),17),15)),((21,(8,10)),(9,((20,(27,(28,((((18,3),5),26),(23,13))))),(11,(((4,22),19),12))))))));
		TREE Morphy_67 =  V0@ V0@[&U] (1,(7,((((16,(2,6)),25),(((24,14),17),15)),((21,(8,10)),(9,((20,(27,(28,((5,(26,(23,13))),(3,18))))),(11,(((4,22),19),12))))))));
		TREE Morphy_68 = pU0@pU0@#[&U] (1,(7,(((16,((15,((24,14),17)),(2,6))),25),((21,(8,10)),(9,((20,(27,(28,(5,(26,(23,(13,(3,18)))))))),(11,(((4,22),19),12))))))));
		TREE Morphy_69 = V0@V0@[&U] (1,(7,(((16,((15,((24,14),17)),(2,6))),25),((21,(8,10)),(9,((20,(27,(28,(5,(26,(23,(3,(18,13)))))))),(11,(((4,22),19),12))))))));
		TREE Morphy_70 = hU0@hU0@#[&U] (1,(7,((((16,(2,6)),25),(((24,14),17),15)),((21,(8,10)),(9,((20,(27,(28,((5,((26,23),13)),(3,18))))),(11,(((4,22),19),12))))))));
		TREE Morphy_71 = ∏W0@∏W0@0˜Â	0˜Â	[&U] (1,(7,((((16,(2,6)),25),(((24,14),17),15)),((21,(8,10)),(9,((20,(27,(28,(((3,18),5),((26,23),13))))),(11,(((4,22),19),12))))))));
		TREE Morphy_72 = ∞W0@∞W0@0¯Â	0¯Â	
[&U] (1,(7,(((16,((15,((24,14),17)),(2,6))),25),((21,(8,10)),(9,((20,(27,(28,(5,((26,23),(13,(3,18))))))),(11,(((4,22),19),12))))))));
		TREE Morphy_73 = ∞W0@∞W0@0˘Â	0˘Â	
[&U] (1,(7,(((16,((15,((24,14),17)),(2,6))),25),((21,(8,10)),(9,((20,(27,(28,(5,((26,23),(3,(18,13))))))),(11,(((4,22),19),12))))))));
		TREE Morphy_74 = ®W0@®W0@(KÊ	(KÊ	[&U] (1,(7,((((16,(2,6)),25),(((24,14),17),15)),((21,(8,10)),(9,((20,(27,(28,((5,((13,26),23)),(3,18))))),(11,(((4,22),19),12))))))));
		TREE Morphy_75 = òW0@òW0@P∆Ê	P∆Ê	[&U] (1,(7,((((16,(2,6)),25),(((24,14),17),15)),((21,(8,10)),(9,((20,(27,(28,(((3,18),5),((13,26),23))))),(11,(((4,22),19),12))))))));
		TREE Morphy_76 = òW0@òW0@P«Ê	P«Ê	
[&U] (1,(7,(((16,((15,((24,14),17)),(2,6))),25),((21,(8,10)),(9,((20,(27,(28,(5,(((13,(3,18)),26),23))))),(11,(((4,22),19),12))))))));
		TREE Morphy_77 = êW0@êW0@P»Ê	P»Ê	
[&U] (1,(7,(((16,((15,((24,14),17)),(2,6))),25),((21,(8,10)),(9,((20,(27,(28,(5,(((3,(18,13)),26),23))))),(11,(((4,22),19),12))))))));
		TREE Morphy_78 = àW0@àW0@P+Ê	P+Ê	
[&U] (1,(7,(((16,((15,((24,14),17)),(2,6))),25),((21,(8,10)),(9,((20,(27,(28,(5,(26,((18,3),(23,13))))))),(11,(((4,22),19),12))))))));
		TREE Morphy_79 = ∏U0@∏U0@#[&U] (1,(7,(((16,((15,((24,14),17)),(2,6))),25),((21,(8,10)),(9,((20,(27,(28,(5,(26,(13,((18,3),23))))))),(11,(((4,22),19),12))))))));
		TREE Morphy_80 = »U0@»U0@#[&U] (1,(7,(((16,((15,((24,14),17)),(2,6))),25),((21,(8,10)),(9,((20,(27,(28,(5,(13,(26,((18,3),23))))))),(11,(((4,22),19),12))))))));
		TREE Morphy_81 = àV0@àV0@>÷	>÷	
[&U] (1,(7,(((16,((15,((24,14),17)),(2,6))),25),((21,(8,10)),(9,((20,(27,(28,(5,((26,13),((18,3),23)))))),(11,(((4,22),19),12))))))));
		TREE Morphy_82 = 0V0@0V0@[&U] (1,(7,((((16,(2,6)),25),(((24,14),17),15)),((21,(8,10)),(9,((20,(27,(28,((23,13),(5,(26,(18,3))))))),(11,(((4,22),19),12))))))));
		TREE Morphy_83 = »U0@»U0@#[&U] (1,(7,(((16,((15,((24,14),17)),(2,6))),25),((21,(8,10)),(9,((20,(27,(28,((23,(13,(3,18))),(5,26))))),(11,(((4,22),19),12))))))));
		TREE Morphy_84 = ËV0@ËV0@»ì’	»ì’	
[&U] (1,(7,(((16,((15,((24,14),17)),(2,6))),25),((21,(8,10)),(9,((20,(27,(28,((23,(3,(18,13))),(5,26))))),(11,(((4,22),19),12))))))));
		TREE Morphy_85 = pU0@pU0@[&U] (1,(7,(((16,((15,((24,14),17)),(2,6))),25),((21,(8,10)),(9,((20,(27,(28,(((18,3),(23,13)),(5,26))))),(11,(((4,22),19),12))))))));
		TREE Morphy_86 = ÄU0@ÄU0@[&U] (1,(7,(((16,((15,((24,14),17)),(2,6))),25),((21,(8,10)),(9,((20,(27,(28,((13,((18,3),23)),(5,26))))),(11,(((4,22),19),12))))))));
		TREE Morphy_87 = »U0@»U0@[&U] (1,(7,(((16,((15,((24,14),17)),(2,6))),25),((21,(8,10)),(9,((20,(27,(28,((13,((26,23),(18,3))),5)))),(11,(((4,22),19),12))))))));
		TREE Morphy_88 = ËU0@ËU0@[&U] (1,(7,(((16,((15,((24,14),17)),(2,6))),25),((21,(8,10)),(9,((20,(27,(28,((((26,23),13),(18,3)),5)))),(11,(((4,22),19),12))))))));
		TREE Morphy_89 = pW0@pW0@hlÊ	hlÊ	
[&U] (1,(7,(((16,((15,((24,14),17)),(2,6))),25),((21,(8,10)),(9,((20,(27,(28,((((26,13),23),(18,3)),5)))),(11,(((4,22),19),12))))))));
		TREE Morphy_90 = pW0@pW0@hmÊ	hmÊ	
[&U] (1,(7,(((16,((15,((24,14),17)),(2,6))),25),((21,(8,10)),(9,((20,(27,(28,(((26,(23,13)),(18,3)),5)))),(11,(((4,22),19),12))))))));
		TREE Morphy_91 = ÄW0@P∆’	P,Ê	P∆’	[&U] (1,(7,((((16,(2,6)),25),(((24,14),17),15)),((21,(8,10)),(9,((20,(27,(28,((13,23),(((26,18),3),5))))),(11,(((4,22),19),12))))))));
		TREE Morphy_92 = ÄV0@ÄV0@∫÷	∫÷	[&U] (1,(7,((((16,(2,6)),25),(((24,14),17),15)),((21,(8,10)),(9,((20,(27,(28,(((13,23),5),((26,18),3))))),(11,(((4,22),19),12))))))));
		TREE Morphy_93 = pW0@pW0@0Ê	0Ê	[&U] (1,(7,((((16,(2,6)),25),(((24,14),17),15)),((21,(8,10)),(9,((20,(27,(28,((13,23),((18,(3,26)),5))))),(11,(((4,22),19),12))))))));
		TREE Morphy_94 = ÄV0@ÄV0@ Õ÷	 Õ÷	[&U] (1,(7,((((16,(2,6)),25),(((24,14),17),15)),((21,(8,10)),(9,((20,(27,(28,(((13,23),5),(18,(3,26)))))),(11,(((4,22),19),12))))))));
		TREE Morphy_95 = ËU0@ËU0@#[&U] (1,(7,(((16,((15,((24,14),17)),(2,6))),25),((21,(8,10)),(9,((20,(27,(28,(((13,(3,(26,18))),23),5)))),(11,(((4,22),19),12))))))));
		TREE Morphy_96 = HW0@HW0@Xé⁄	Xé⁄	
[&U] (1,(7,(((16,((15,((24,14),17)),(2,6))),25),((21,(8,10)),(9,((20,(27,(28,(((3,((26,18),13)),23),5)))),(11,(((4,22),19),12))))))));
		TREE Morphy_97 = »U0@»U0@#[&U] (1,(7,(((16,((15,((24,14),17)),(2,6))),25),((21,(8,10)),(9,((20,(27,(28,((23,(13,(26,(18,3)))),5)))),(11,(((4,22),19),12))))))));
		TREE Morphy_98 = –U0@–U0@#[&U] (1,(7,(((16,((15,((24,14),17)),(2,6))),25),((21,(8,10)),(9,((20,(27,(28,((13,(23,(26,(18,3)))),5)))),(11,(((4,22),19),12))))))));
		TREE Morphy_99 = àV0@àV0@@p◊	@p◊	
[&U] (1,(7,(((16,((15,((24,14),17)),(2,6))),25),((21,(8,10)),(9,((20,(27,(28,(((23,13),(26,(18,3))),5)))),(11,(((4,22),19),12))))))));
		TREE Morphy_100 = ËU0@ËU0@#[&U] (1,(7,(((16,((15,((24,14),17)),(2,6))),25),((21,(8,10)),(9,((20,(27,(28,((23,((26,13),(18,3))),5)))),(11,(((4,22),19),12))))))));
		TREE Morphy_101 = hW0@hW0@êe⁄	êe⁄	
[&U] (1,(7,(((16,((15,((24,14),17)),(2,6))),25),((21,(8,10)),(9,((20,(27,(28,((23,((26,(18,13)),3)),5)))),(11,(((4,22),19),12))))))));
		TREE Morphy_102 = PW0@PW0@êf⁄	êf⁄	
[&U] (1,(7,(((16,((15,((24,14),17)),(2,6))),25),((21,(8,10)),(9,((20,(27,(28,((23,((3,26),(18,13))),5)))),(11,(((4,22),19),12))))))));
		TREE Morphy_103 = W0@W0@‡÷	‡÷	
[&U] (1,(7,(((16,((15,((24,14),17)),(2,6))),25),((21,(8,10)),(9,((20,(27,(28,((13,(23,((26,18),3))),5)))),(11,(((4,22),19),12))))))));
		TREE Morphy_104 = †U0@†U0@#[&U] (1,(7,(((16,((15,((24,14),17)),(2,6))),25),((21,(8,10)),(9,((20,(27,(28,(((23,13),((26,18),3)),5)))),(11,(((4,22),19),12))))))));
		TREE Morphy_105 = »V0@»V0@Xí⁄	Xí⁄	
[&U] (1,(7,(((16,((15,((24,14),17)),(2,6))),25),((21,(8,10)),(9,((20,(27,(28,((23,(((26,13),18),3)),5)))),(11,(((4,22),19),12))))))));
		TREE Morphy_106 = ÄU0@ÄU0@#[&U] (1,(7,(((16,((15,((24,14),17)),(2,6))),25),((21,(8,10)),(9,((20,(27,(28,((23,(((3,26),18),13)),5)))),(11,(((4,22),19),12))))))));
		TREE Morphy_107 = êV0@êV0@XE⁄	XE⁄	
[&U] (1,(7,(((16,((15,((24,14),17)),(2,6))),25),((21,(8,10)),(9,((20,(27,(28,((13,(23,(18,(26,3)))),5)))),(11,(((4,22),19),12))))))));
		TREE Morphy_108 = (V0@(V0@[&U] (1,(7,(((16,((15,((24,14),17)),(2,6))),25),((21,(8,10)),(9,((20,(27,(28,(((23,13),(18,(26,3))),5)))),(11,(((4,22),19),12))))))));
		TREE Morphy_109 = 0W0@0W0@êg⁄	êg⁄	
[&U] (1,(7,(((16,((15,((24,14),17)),(2,6))),25),((21,(8,10)),(9,((20,(27,(28,(((13,23),((3,18),5)),26)))),(11,(((4,22),19),12))))))));
		TREE Morphy_110 = ‡U0@‡U0@#[&U] (1,(7,(((16,((15,((24,14),17)),(2,6))),25),((21,(8,10)),(9,((20,(27,(28,((((13,23),5),(3,18)),26)))),(11,(((4,22),19),12))))))));
		TREE Morphy_111 = ËU0@ËU0@#[&U] (1,(7,(((16,((15,((24,14),17)),(2,6))),25),((21,(8,10)),(9,((20,(27,(28,(((13,23),5),((3,18),26))))),(11,(((4,22),19),12))))))));
		TREE Morphy_112 = W0@W0@–ìÊ	–ìÊ	
[&U] (1,(7,(((16,((15,((24,14),17)),(2,6))),25),((21,(8,10)),(9,((20,(27,(28,((((13,23),5),26),(3,18))))),(11,(((4,22),19),12))))))));
		TREE Morphy_113 = ËU0@ËU0@#[&U] (1,(7,(((16,((15,((24,14),17)),(2,6))),25),((21,(8,10)),(9,((20,(27,(((23,13),((18,3),(5,26))),28))),(11,(((4,22),19),12))))))));
		TREE Morphy_114 = ÄU0@ÄU0@#[&U] (1,(7,(((16,((15,((24,14),17)),(2,6))),25),((21,(8,10)),(9,((20,(27,(((18,3),((5,26),(23,13))),28))),(11,(((4,22),19),12))))))));
		TREE Morphy_115 = »U0@»U0@#[&U] (1,(7,(((16,((15,((24,14),17)),(2,6))),25),((21,(8,10)),(9,((20,(27,(28,(((18,3),5),((23,13),26))))),(11,(((4,22),19),12))))))));
		TREE Morphy_116 = [&U] (1,(7,(((16,((15,((24,14),17)),(2,6))),25),((21,(8,10)),(9,((20,(27,(28,((((18,3),5),26),(23,13))))),(11,(((4,22),19),12))))))));
		TREE Morphy_117 = ‡U0@‡U0@#[&U] (1,(7,(((16,((15,((24,14),17)),(2,6))),25),((21,(8,10)),(9,((20,(27,(28,((5,(26,(23,13))),(3,18))))),(11,(((4,22),19),12))))))));
		TREE Morphy_118 = ∏V0@∏V0@X'Ÿ	X'Ÿ	
[&U] (1,(7,(((16,((15,((24,14),17)),(2,6))),25),((21,(8,10)),(9,((20,(27,(28,((5,((26,23),13)),(3,18))))),(11,(((4,22),19),12))))))));
		TREE Morphy_119 = pU0@X°Ÿ	ê[&U] (1,(7,(((16,((15,((24,14),17)),(2,6))),25),((21,(8,10)),(9,((20,(27,(28,(((3,18),5),((26,23),13))))),(11,(((4,22),19),12))))))));
		TREE Morphy_120 = pU0@0…ÿ	x ÿ	ËÌ÷	∏ç◊	Ë Ÿ	Ä£Ÿ	Ë…ÿ	[&U] (1,(7,(((16,((15,((24,14),17)),(2,6))),25),((21,(8,10)),(9,((20,(27,(28,((5,((13,26),23)),(3,18))))),(11,(((4,22),19),12))))))));
		TREE Morphy_121 = pU0@pU0@[&U] (1,(7,(((16,((15,((24,14),17)),(2,6))),25),((21,(8,10)),(9,((20,(27,(28,(((3,18),5),((13,26),23))))),(11,(((4,22),19),12))))))));
		TREE Morphy_122 = òU0@òU0@[&U] (1,(7,(((16,((15,((24,14),17)),(2,6))),25),((21,(8,10)),(9,((20,(27,(28,((23,13),(5,(26,(18,3))))))),(11,(((4,22),19),12))))))));
		TREE Morphy_123 = †U0@†U0@[&U] (1,(7,(((16,((15,((24,14),17)),(2,6))),25),((21,(8,10)),(9,((20,(27,(28,((13,23),(((26,18),3),5))))),(11,(((4,22),19),12))))))));
		TREE Morphy_124 = ®U0@®U0@[&U] (1,(7,(((16,((15,((24,14),17)),(2,6))),25),((21,(8,10)),(9,((20,(27,(28,(((13,23),5),((26,18),3))))),(11,(((4,22),19),12))))))));
		TREE Morphy_125 = xU0@xU0@[&U] (1,(7,(((16,((15,((24,14),17)),(2,6))),25),((21,(8,10)),(9,((20,(27,(28,((13,23),((18,(3,26)),5))))),(11,(((4,22),19),12))))))));
		TREE Morphy_126 = xU0@xU0@[&U] (1,(7,(((16,((15,((24,14),17)),(2,6))),25),((21,(8,10)),(9,((20,(27,(28,(((13,23),5),(18,(3,26)))))),(11,(((4,22),19),12))))))));
END;